
> react-typescript-starter@0.1.0 test
> react-scripts test --coverage

FAIL src/App.test.tsx
  ✕ renders the course name somewhere (69 ms)

  ● renders the course name somewhere

    TestingLibraryElementError: Unable to find an element with the text: /CISC275/i. This could be because the text is broken up by multiple elements. In this case, you can provide a function for your text matcher to make your matcher more flexible.

    Ignored nodes: comments, <script />, <style />
    [36m<body>[39m
      [36m<div>[39m
        [36m<div[39m
          [33mclass[39m=[32m"body"[39m
        [36m>[39m
          [36m<div[39m
            [33mclass[39m=[32m"App"[39m
          [36m>[39m
            [36m<div[39m
              [33mclass[39m=[32m"header_container"[39m
            [36m>[39m
              [36m<div[39m
                [33mclass[39m=[32m"header_box"[39m
              [36m>[39m
                [36m<div[39m
                  [33mclass[39m=[32m"header_container1"[39m
                [36m>[39m
                  [36m<div[39m
                    [33mclass[39m=[32m"ud_logo"[39m
                  [36m>[39m
                    [36m<a>[39m
                      [36m<img[39m
                        [33malt[39m=[32m"Valopedia's logo design image for a Valorant website"[39m
                        [33msrc[39m=[32m"ud_logo_sm.png"[39m
                      [36m/>[39m
                    [36m</a>[39m
                  [36m</div>[39m
                [36m</div>[39m
                [36m<div[39m
                  [33mclass[39m=[32m"header_container2"[39m
                [36m>[39m
                  [36m<div[39m
                    [33mclass[39m=[32m"dplanner_tag_cont"[39m
                  [36m>[39m
                    [36m<h2>[39m
                      [0mCS Degree Planner | University of Delaware[0m
                    [36m</h2>[39m
                  [36m</div>[39m
                  [36m<div[39m
                    [33mclass[39m=[32m"text_buttons_cont"[39m
                  [36m>[39m
                    [36m<div[39m
                      [33mclass[39m=[32m"textboxes"[39m
                    [36m>[39m
                      [36m<div[39m
                        [33mclass[39m=[32m"font_buttons_textboxes"[39m
                      [36m>[39m
                        [36m<a>[39m
                          [36m<h3>[39m
                            [0mCourses[0m
                          [36m</h3>[39m
                        [36m</a>[39m
                        [36m<a>[39m
                          [36m<h3>[39m
                            [0mResources[0m
                          [36m</h3>[39m
                        [36m</a>[39m
                        [36m<a>[39m
                          [36m<h3>[39m
                            [0mAbout[0m
                          [36m</h3>[39m
                        [36m</a>[39m
                      [36m</div>[39m
                    [36m</div>[39m
                  [36m</div>[39m
                [36m</div>[39m
              [36m</div>[39m
            [36m</div>[39m
            [36m<div[39m
              [33mclass[39m=[32m"howtotext_container"[39m
            [36m>[39m
              [36m<div[39m
                [33mclass[39m=[32m"howtotext_info"[39m
              [36m>[39m
                [36m<div[39m
                  [33mclass[39m=[32m"card text-light"[39m
                  [33mstyle[39m=[32m"background-color: rgb(0, 83, 159);"[39m
                [36m>[39m
                  [36m<div[39m
                    [33mclass[39m=[32m"card-body"[39m
                  [36m>[39m
                    [36m<h5>[39m
                      [0mThis tool is used for planning your University of Delaware Computer Science Degree[0m
                    [36m</h5>[39m
                  [36m</div>[39m
                [36m</div>[39m
              [36m</div>[39m
              [36m<div[39m
                [33mclass[39m=[32m"howtotext_text"[39m
              [36m>[39m
                [36m<h5[39m
                  [33mstyle[39m=[32m"padding-top: 15px;"[39m
                [36m>[39m
                  [0mYou are able to create multiple degree plans with the ability to add semesters and courses inside of a degree plan.[0m
                [36m</h5>[39m
                [36m<h5[39m
                  [33mstyle[39m=[32m"padding-top: 15px;"[39m
                [36m>[39m
                  [0mGetting Started:[0m
                [36m</h5>[39m
                [36m<h5[39m
                  [33mstyle[39m=[32m"padding-top: 15px;"[39m
                [36m>[39m
                  [0mTo get started, press the "Add New Degree Plan" button to open up an overlay where you can populate a new degree plan with semesters and courses.[0m
                [36m</h5>[39m
                [36m<h5[39m
                  [33mstyle[39m=[32m"padding-top: 15px;"[39m
                [36m>[39m
                  [0mOnce you are satisfied with your degree plan, hit the "Save Changes" button to return to the main page where you can then click on you newly created degree plan to view it.[0m
                [36m</h5>[39m
                [36m<h5[39m
                  [33mstyle[39m=[32m"padding-top: 15px;"[39m
                [36m>[39m
                  [0mIf you want to save your degree plans, make sure to hit the "Save Degree Plans" button.[0m
                [36m</h5>[39m
              [36m</div>[39m
              [36m<div[39m
                [33mclass[39m=[32m"howtotext_savewarning"[39m
              [36m>[39m
                [36m<div[39m
                  [33mclass[39m=[32m"card bg-danger text-light"[39m
                [36m>[39m
                  [36m<div[39m
                    [33mclass[39m=[32m"card-body"[39m
                  [36m>[39m
                    [36m<h5>[39m
                      [0mWarning: Failing to hit the "Save Degree Plans" button and exiting the page will rewrite all of your changes back to the last save.[0m
                    [36m</h5>[39m
                  [36m</div>[39m
                [36m</div>[39m
              [36m</div>[39m
            [36m</div>[39m
            [36m<div[39m
              [33mclass[39m=[32m"dp_content"[39m
            [36m>[39m
              [36m<div[39m
                [33mclass[39m=[32m"Dplist_container"[39m
              [36m>[39m
                [36m<div>[39m
                  [36m<div[39m
                    [33mclass[39m=[32m"dp_cards"[39m
                  [36m>[39m
                    [36m<div[39m
                      [33mclass[39m=[32m"d-flex justify-content-center align-items-center"[39m
                      [33mstyle[39m=[32m"padding-bottom: 15px;"[39m
                    [36m>[39m
                      [36m<div[39m
                        [33mclass[39m=[32m"card text-light"[39m
                        [33mstyle[39m=[32m"width: 25rem; background-color: rgb(17, 106, 189);"[39m
                      [36m>[39m
                        [36m<a>[39m
                          [36m<div[39m
                            [33mclass[39m=[32m"dp_card card-body"[39m
                          [36m>[39m
                            [36m<div[39m
                              [33mclass[39m=[32m"card-title h5"[39m
                              [33mstyle[39m=[32m"text-align: center;"[39m
                            [36m>[39m
                              [0mDegree Plan 1[0m
                            [36m</div>[39m
                          [36m</div>[39m
                        [36m</a>[39m
                      [36m</div>[39m
                    [36m</div>[39m
                  [36m</div>[39m
                [36m</div>[39m
              [36m</div>[39m
              [36m<div[39m
                [33mclass[39m=[32m"AddSaveButtons_container"[39m
              [36m>[39m
                [36m<button[39m
                  [33mclass[39m=[32m"add_btn btn btn-warning"[39m
                  [33mtype[39m=[32m"button"[39m
                [36m>[39m
                  [0mAdd New Degree Plan[0m
                [36m</button>[39m
                [36m<button[39m
                  [33mclass[39m=[32m"btn btn-warning"[39m
                  [33mtype[39m=[32m"button"[39m
                [36m>[39m
                  [0mAdd New Course[0m
                [36m</button>[39m
                [36m<button[39m
                  [33mclass[39m=[32m"btn btn-success"[39m
                  [33mtype[39m=[32m"button"[39m
                [36m>[39m
                  [0mSave Degree Plans[0m
                [36m</button>[39m
              [36m</div>[39m
            [36m</div>[39m
            [36m<div />[39m
          [36m</div>[39m
        [36m</div>[39m
      [36m</div>[39m
    [36m</body>[39m

       5 | test("renders the course name somewhere", () => {
       6 |     render(<App />);
    >  7 |     const linkElement = screen.getByText(/CISC275/i);
         |                                ^
       8 |     expect(linkElement).toBeInTheDocument();
       9 | });
      10 |

      at Object.getElementError (node_modules/@testing-library/dom/dist/config.js:38:19)
      at node_modules/@testing-library/dom/dist/query-helpers.js:90:38
      at node_modules/@testing-library/dom/dist/query-helpers.js:62:17
      at getByText (node_modules/@testing-library/dom/dist/query-helpers.js:111:19)
      at Object.<anonymous> (src/App.test.tsx:7:32)
      at TestScheduler.scheduleTests (node_modules/@jest/core/build/TestScheduler.js:333:13)
      at runJest (node_modules/@jest/core/build/runJest.js:404:19)
      at _run10000 (node_modules/@jest/core/build/cli/index.js:320:7)
      at runCLI (node_modules/@jest/core/build/cli/index.js:173:3)

---------------------------------|---------|----------|---------|---------|--------------------------------------------------------------------------
File                             | % Stmts | % Branch | % Funcs | % Lines | Uncovered Line #s                                                        
---------------------------------|---------|----------|---------|---------|--------------------------------------------------------------------------
All files                        |   23.69 |     8.33 |   11.84 |   24.24 |                                                                          
 src                             |   23.25 |     8.33 |   11.84 |   23.78 |                                                                          
  AddCourseModal.tsx             |   54.54 |       50 |      50 |   54.54 | 45-48,82-95                                                              
  AddDpSemestersCoursesModal.tsx |   26.92 |        0 |   11.76 |   25.97 | 54-55,72-126,130-138,151-154,162-183,189-204,208-216,234-247,266,287-401 
  App.tsx                        |   58.33 |       30 |   26.31 |   65.38 | 34,54,62,85-124                                                          
  CSV.tsx                        |       0 |        0 |       0 |       0 | 22-61                                                                    
  CourseSearchDropdown.tsx       |       5 |        0 |       0 |       5 | 14-60                                                                    
  CoursesModal.tsx               |   66.66 |      100 |      50 |   66.66 | 19                                                                       
  DpCard.tsx                     |      75 |      100 |   66.66 |      75 | 36                                                                       
  DpList.tsx                     |   66.66 |       75 |      50 |   66.66 | 21,24,31                                                                 
  DpView.tsx                     |       0 |        0 |       0 |       0 | 26-146                                                                   
  EditingDp.tsx                  |       0 |        0 |       0 |       0 | 34-386                                                                   
  Header.tsx                     |     100 |      100 |     100 |     100 |                                                                          
  HowToTexxt.tsx                 |     100 |      100 |     100 |     100 |                                                                          
  ImportExport.tsx               |       0 |        0 |       0 |       0 | 5-24                                                                     
  TaskTable.tsx                  |    6.25 |      100 |       0 |    6.25 | 26-117                                                                   
  TaskTableFilters.tsx           |   11.11 |        0 |       0 |   14.28 | 19-31                                                                    
 src/interfaces                  |     100 |      100 |     100 |     100 |                                                                          
  coreCsCourses.tsx              |     100 |      100 |     100 |     100 |                                                                          
  course.ts                      |       0 |        0 |       0 |       0 |                                                                          
  degreeplan.ts                  |       0 |        0 |       0 |       0 |                                                                          
  scienceRequirement.tsx         |     100 |      100 |     100 |     100 |                                                                          
  semester.ts                    |       0 |        0 |       0 |       0 |                                                                          
---------------------------------|---------|----------|---------|---------|--------------------------------------------------------------------------
Test Suites: 1 failed, 1 total
Tests:       1 failed, 1 total
Snapshots:   0 total
Time:        3.422 s
Ran all test suites.
